// Jest Snapshot v1, https://goo.gl/fbAQLP

exports[`Artist Root Component Tests Artist Component renders correctly 1`] = `ShallowWrapper {}`;
