// Jest Snapshot v1, https://goo.gl/fbAQLP

exports[`ToMenus Root Component Tests ToMenus Component renders correctly 1`] = `ShallowWrapper {}`;
