// Jest Snapshot v1, https://goo.gl/fbAQLP

exports[`Loader Root Component Tests Loader Component renders correctly 1`] = `ShallowWrapper {}`;
