// Jest Snapshot v1, https://goo.gl/fbAQLP

exports[`CardBox Root Component Tests CardBox Component renders correctly 1`] = `ShallowWrapper {}`;
