// Jest Snapshot v1, https://goo.gl/fbAQLP

exports[`Language Root Component Tests Language Component renders correctly 1`] = `ShallowWrapper {}`;
