// Jest Snapshot v1, https://goo.gl/fbAQLP

exports[`Event Root Component Tests Event Component renders correctly 1`] = `ShallowWrapper {}`;
