// Jest Snapshot v1, https://goo.gl/fbAQLP

exports[`SearchBar Root Component Tests SearchBar Component renders correctly 1`] = `ShallowWrapper {}`;
