// Jest Snapshot v1, https://goo.gl/fbAQLP

exports[`App Root Component Tests Root Component renders correctly 1`] = `ShallowWrapper {}`;
